# $Id$

HEIMDAL_KAMD5_SERVER_1.0 {
	global:
		kadm5_ad_init_with_password;
		kadm5_ad_init_with_password_ctx;
		kadm5_add_passwd_quality_verifier;
		kadm5_check_password_quality;
		kadm5_chpass_principal;
		kadm5_chpass_principal_with_key;
		kadm5_create_principal;
		kadm5_delete_principal;
		kadm5_destroy;
		kadm5_flush;
		kadm5_free_key_data;
		kadm5_free_name_list;
		kadm5_free_principal_ent;
		kadm5_get_principal;
		kadm5_get_principals;
		kadm5_get_privs;
		kadm5_init_with_creds;
		kadm5_init_with_creds_ctx;
		kadm5_init_with_password;
		kadm5_init_with_password_ctx;
		kadm5_init_with_skey;
		kadm5_init_with_skey_ctx;
		kadm5_modify_principal;
		kadm5_randkey_principal;
		kadm5_rename_principal;
		kadm5_ret_key_data;
		kadm5_ret_principal_ent;
		kadm5_ret_principal_ent_mask;
		kadm5_ret_tl_data;
		kadm5_setup_passwd_quality_check;
		kadm5_store_key_data;
		kadm5_store_principal_ent;
		kadm5_store_principal_ent_mask;
		kadm5_store_tl_data;
		kadm5_s_init_with_password_ctx;
		kadm5_s_init_with_password;
		kadm5_s_init_with_skey_ctx;
		kadm5_s_init_with_skey;
		kadm5_s_init_with_creds_ctx;
		kadm5_s_init_with_creds;
		kadm5_s_chpass_principal_cond;
		kadm5_log_set_version;
		kadm5_log_signal_socket;
		kadm5_log_previous;
		kadm5_log_goto_end;
		kadm5_log_foreach;
		kadm5_log_get_version_fd;
		kadm5_log_get_version;
		kadm5_log_replay;
		kadm5_log_end;
		kadm5_log_reinit;
		kadm5_log_init;
		kadm5_log_nop;
		kadm5_log_truncate;
		kadm5_log_modify;
		_kadm5_acl_check_permission;
		_kadm5_unmarshal_params;
		_kadm5_s_get_db;
		_kadm5_privs_to_string;
	local:
		*;
};
