OPENSM_1.5 {
	global:
		osm_log;
		osm_log_msg_box;
		osm_is_debug;
		osm_log_init;
		osm_log_init_v2;
		osm_log_reopen_file;
		osm_mad_pool_construct;
		osm_mad_pool_destroy;
		osm_mad_pool_init;
		osm_mad_pool_get;
		osm_mad_pool_put;
		osm_mad_pool_get_wrapper;
		osm_mad_pool_get_wrapper_raw;
		ib_get_sa_method_str;
		ib_get_sm_method_str;
		ib_get_sm_attr_str;
		ib_get_sa_attr_str;
		ib_get_trap_str;
		ib_zero_gid;
		osm_dump_port_info;
		osm_dump_port_info_v2;
		osm_dump_portinfo_record;
		osm_dump_portinfo_record_v2;
		osm_dump_guid_info;
		osm_dump_guid_info_v2;
		osm_dump_guidinfo_record;
		osm_dump_guidinfo_record_v2;
		osm_dump_node_info;
		osm_dump_node_info_v2;
		osm_dump_node_record;
		osm_dump_node_record_v2;
		osm_dump_path_record;
		osm_dump_path_record_v2;
		osm_dump_multipath_record;
		osm_dump_multipath_record_v2;
		osm_dump_mc_record;
		osm_dump_mc_record_v2;
		osm_dump_service_record;
		osm_dump_service_record_v2;
		osm_dump_inform_info;
		osm_dump_inform_info_v2;
		osm_dump_inform_info_record;
		osm_dump_inform_info_record_v2;
		osm_dump_link_record;
		osm_dump_link_record_v2;
		osm_dump_switch_info;
		osm_dump_switch_info_v2;
		osm_dump_switch_info_record;
		osm_dump_switch_info_record_v2;
		osm_dump_slvl_map_table;
		osm_dump_slvl_map_table_v2;
		osm_dump_vl_arb_table;
		osm_dump_vl_arb_table_v2;
		osm_dump_sm_info;
		osm_dump_sm_info_v2;
		osm_dump_sm_info_record;
		osm_dump_sm_info_record_v2;
		osm_dump_notice;
		osm_dump_notice_v2;
		osm_dump_dr_smp;
		osm_dump_dr_smp_v2;
		osm_dump_sa_mad;
		osm_dump_sa_mad_v2;
		osm_dump_dr_path;
		osm_dump_dr_path_v2;
		osm_dump_dr_path_as_buf;
		osm_dump_smp_dr_path;
		osm_dump_smp_dr_path_v2;
		osm_dump_pkey_block;
		osm_dump_pkey_block_v2;
		osm_log_raw;
		osm_get_sm_state_str;
		osm_get_sm_signal_str;
		osm_get_disp_msg_str;
		osm_get_port_state_str_fixed_width;
		osm_get_node_type_str_fixed_width;
		osm_get_manufacturer_str;
		osm_get_mtu_str;
		osm_get_lwa_str;
		osm_get_lsa_str;
		osm_get_sm_mgr_signal_str;
		osm_get_sm_mgr_state_str;
		ib_mtu_is_valid;
		ib_rate_is_valid;
		ib_path_compare_rates;
		ib_path_rate_get_prev;
		ib_path_rate_get_next;
		osm_dump_mlnx_ext_port_info;
		osm_dump_mlnx_ext_port_info_v2;
		osm_log_v2;
		osm_log_msg_box_v2;
		osm_log_is_active_v2;
		osm_get_log_per_module;
		osm_set_log_per_module;
		osm_reset_log_per_module;
		sprint_uint8_arr;
	local: *;
};
