OMP_1.0 {
  global:
	omp_set_num_threads;
	omp_get_num_threads;
	omp_get_max_threads;
	omp_get_thread_num;
	omp_get_num_procs;
	omp_in_parallel;
	omp_set_dynamic;
	omp_get_dynamic;
	omp_set_nested;
	omp_get_nested;
	omp_init_lock;
	omp_init_nest_lock;
	omp_destroy_lock;
	omp_destroy_nest_lock;
	omp_set_lock;
	omp_set_nest_lock;
	omp_unset_lock;
	omp_unset_nest_lock;
	omp_test_lock;
	omp_test_nest_lock;
	omp_destroy_lock_;
	omp_destroy_nest_lock_;
	omp_get_dynamic_;
	omp_get_max_threads_;
	omp_get_nested_;
	omp_get_num_procs_;
	omp_get_num_threads_;
	omp_get_thread_num_;
	omp_in_parallel_;
	omp_init_lock_;
	omp_init_nest_lock_;
	omp_set_dynamic_;
	omp_set_dynamic_8_;
	omp_set_lock_;
	omp_set_nest_lock_;
	omp_set_nested_;
	omp_set_nested_8_;
	omp_set_num_threads_;
	omp_set_num_threads_8_;
	omp_test_lock_;
	omp_test_nest_lock_;
	omp_unset_lock_;
	omp_unset_nest_lock_;
  local:
	*;
};

OMP_2.0 {
  global:
	omp_get_wtick;
	omp_get_wtime;
	omp_get_wtick_;
	omp_get_wtime_;
} OMP_1.0;

GOMP_1.0 {
  global:
	GOMP_atomic_end;
	GOMP_atomic_start;
	GOMP_barrier;
	GOMP_critical_end;
	GOMP_critical_name_end;
	GOMP_critical_name_start;
	GOMP_critical_start;
	GOMP_loop_dynamic_next;
	GOMP_loop_dynamic_start;
	GOMP_loop_end;
	GOMP_loop_end_nowait;
	GOMP_loop_guided_next;
	GOMP_loop_guided_start;
	GOMP_loop_ordered_dynamic_first;
	GOMP_loop_ordered_dynamic_next;
	GOMP_loop_ordered_dynamic_start;
	GOMP_loop_ordered_guided_first;
	GOMP_loop_ordered_guided_next;
	GOMP_loop_ordered_guided_start;
	GOMP_loop_ordered_runtime_first;
	GOMP_loop_ordered_runtime_next;
	GOMP_loop_ordered_runtime_start;
	GOMP_loop_ordered_static_first;
	GOMP_loop_ordered_static_next;
	GOMP_loop_ordered_static_start;
	GOMP_loop_runtime_next;
	GOMP_loop_runtime_start;
	GOMP_loop_static_next;
	GOMP_loop_static_start;
	GOMP_ordered_end;
	GOMP_ordered_start;
	GOMP_parallel_end;
	GOMP_parallel_loop_dynamic_start;
	GOMP_parallel_loop_guided_start;
	GOMP_parallel_loop_runtime_start;
	GOMP_parallel_loop_static_start;
	GOMP_parallel_sections_start;
	GOMP_parallel_start;
	GOMP_sections_end;
	GOMP_sections_end_nowait;
	GOMP_sections_next;
	GOMP_sections_start;
	GOMP_single_copy_end;
	GOMP_single_copy_start;
	GOMP_single_start;
};
