/* $Id: Version.map 3085 2014-09-02 22:08:23Z kaiwang27 $ */

R1.0 {
global:
	dwarf_add_AT_comp_dir;
	dwarf_add_AT_const_value_signedint;
	dwarf_add_AT_const_value_string;
	dwarf_add_AT_const_value_unsignedint;
	dwarf_add_AT_dataref;
	dwarf_add_AT_flag;
	dwarf_add_AT_location_expr;
	dwarf_add_AT_name;
	dwarf_add_AT_producer;
	dwarf_add_AT_ref_address;
	dwarf_add_AT_reference;
	dwarf_add_AT_signed_const;
	dwarf_add_AT_string;
	dwarf_add_AT_targ_address;
	dwarf_add_AT_targ_address_b;
	dwarf_add_AT_unsigned_const;
	dwarf_add_arange;
	dwarf_add_arange_b;
	dwarf_add_die_to_debug;
	dwarf_add_directory_decl;
	dwarf_add_expr_addr;
	dwarf_add_expr_addr_b;
	dwarf_add_expr_gen;
	dwarf_add_fde_inst;
	dwarf_add_file_decl;
	dwarf_add_frame_cie;
	dwarf_add_frame_fde;
	dwarf_add_frame_fde_b;
	dwarf_add_funcname;
	dwarf_add_line_entry;
	dwarf_add_pubname;
	dwarf_add_typename;
	dwarf_add_varname;
	dwarf_add_weakname;
	dwarf_arrayorder;
	dwarf_attr;
	dwarf_attrlist;
	dwarf_attroffset;
	dwarf_attrval_flag;
	dwarf_attrval_signed;
	dwarf_attrval_string;
	dwarf_attrval_unsigned;
	dwarf_bitoffset;
	dwarf_bitsize;
	dwarf_bytesize;
	dwarf_child;
	dwarf_dealloc;
	dwarf_def_macro;
	dwarf_die_CU_offset;
	dwarf_die_CU_offset_range;
	dwarf_die_abbrev_code;
	dwarf_die_link;
	dwarf_diename;
	dwarf_dieoffset;
	dwarf_elf_init;
	dwarf_end_macro_file;
	dwarf_errmsg_;
	dwarf_expand_frame_instructions;
	dwarf_expr_current_offset;
	dwarf_expr_into_block;
	dwarf_fde_cfa_offset;
	dwarf_fde_cie_list_dealloc;
	dwarf_find_macro_value_start;
	dwarf_finish;
	dwarf_formaddr;
	dwarf_formblock;
	dwarf_formexprloc;
	dwarf_formflag;
	dwarf_formref;
	dwarf_formsdata;
	dwarf_formsig8;
	dwarf_formstring;
	dwarf_formudata;
	dwarf_func_cu_offset;
	dwarf_func_die_offset;
	dwarf_func_name_offsets;
	dwarf_funcname;
	dwarf_funcs_dealloc;
	dwarf_get_ACCESS_name;
	dwarf_get_ATE_name;
	dwarf_get_AT_name;
	dwarf_get_CC_name;
	dwarf_get_CFA_name;
	dwarf_get_CHILDREN_name;
	dwarf_get_DSC_name;
	dwarf_get_DS_name;
	dwarf_get_EH_name;
	dwarf_get_END_name;
	dwarf_get_FORM_name;
	dwarf_get_ID_name;
	dwarf_get_INL_name;
	dwarf_get_LANG_name;
	dwarf_get_LNE_name;
	dwarf_get_LNS_name;
	dwarf_get_MACINFO_name;
	dwarf_get_OP_name;
	dwarf_get_ORD_name;
	dwarf_get_TAG_name;
	dwarf_get_VIRTUALITY_name;
	dwarf_get_VIS_name;
	dwarf_get_abbrev;
	dwarf_get_abbrev_children_flag;
	dwarf_get_abbrev_code;
	dwarf_get_abbrev_entry;
	dwarf_get_abbrev_tag;
	dwarf_get_address_size;
	dwarf_get_arange;
	dwarf_get_arange_cu_header_offset;
	dwarf_get_arange_info;
	dwarf_get_aranges;
	dwarf_get_cie_index;
	dwarf_get_cie_info;
	dwarf_get_cie_of_fde;
	dwarf_get_cu_die_offset;
	dwarf_get_cu_die_offset_given_cu_header_offset;
	dwarf_get_cu_die_offset_given_cu_header_offset_b;
	dwarf_get_die_infotypes_flag;
	dwarf_get_elf;
	dwarf_get_fde_at_pc;
	dwarf_get_fde_info_for_all_regs3;
	dwarf_get_fde_info_for_all_regs;
	dwarf_get_fde_info_for_cfa_reg3;
	dwarf_get_fde_info_for_reg3;
	dwarf_get_fde_info_for_reg;
	dwarf_get_fde_instr_bytes;
	dwarf_get_fde_list;
	dwarf_get_fde_list_eh;
	dwarf_get_fde_n;
	dwarf_get_fde_range;
	dwarf_get_form_class;
	dwarf_get_funcs;
	dwarf_get_globals;
	dwarf_get_loclist_entry;
	dwarf_get_macro_details;
	dwarf_get_pubtypes;
	dwarf_get_ranges;
	dwarf_get_ranges_a;
	dwarf_get_relocation_info;
	dwarf_get_relocation_info_count;
	dwarf_get_section_bytes;
	dwarf_get_section_max_offsets;
	dwarf_get_section_max_offsets_b;
	dwarf_get_str;
	dwarf_get_types;
	dwarf_get_vars;
	dwarf_get_weaks;
	dwarf_global_cu_offset;
	dwarf_global_die_offset;
	dwarf_global_formref;
	dwarf_global_name_offsets;
	dwarf_globals_dealloc;
	dwarf_globname;
	dwarf_hasattr;
	dwarf_hasform;
	dwarf_highpc;
	dwarf_highpc_b;
	dwarf_init;
	dwarf_line_srcfileno;
	dwarf_lineaddr;
	dwarf_linebeginstatement;
	dwarf_lineblock;
	dwarf_lineendsequence;
	dwarf_lineno;
	dwarf_lineoff;
	dwarf_linesrc;
	dwarf_lne_end_sequence;
	dwarf_lne_set_address;
	dwarf_loclist;
	dwarf_loclist_from_expr;
	dwarf_loclist_from_expr_a;
	dwarf_loclist_from_expr_b;
	dwarf_loclist_n;
	dwarf_lowpc;
	dwarf_new_die;
	dwarf_new_expr;
	dwarf_new_fde;
	dwarf_next_cu_header;
	dwarf_next_cu_header_b;
	dwarf_next_cu_header_c;
	dwarf_next_types_section;
	dwarf_object_finish;
	dwarf_object_init;
	dwarf_offdie;
	dwarf_offdie_b;
	dwarf_producer_finish;
	dwarf_producer_init;
	dwarf_producer_init_b;
	dwarf_producer_set_isa;
	dwarf_pubtype_cu_offset;
	dwarf_pubtype_die_offset;
	dwarf_pubtype_name_offsets;
	dwarf_pubtypename;
	dwarf_pubtypes_dealloc;
	dwarf_ranges_dealloc;
	dwarf_reset_section_bytes;
	dwarf_set_frame_cfa_value;
	dwarf_set_frame_rule_initial_value;
	dwarf_set_frame_rule_table_size;
	dwarf_set_frame_same_value;
	dwarf_set_frame_undefined_value;
	dwarf_set_reloc_application;
	dwarf_seterrarg;
	dwarf_seterrhand;
	dwarf_siblingof;
	dwarf_siblingof_b;
	dwarf_srcfiles;
	dwarf_srclang;
	dwarf_srclines;
	dwarf_srclines_dealloc;
	dwarf_start_macro_file;
	dwarf_tag;
	dwarf_transform_to_disk_form;
	dwarf_type_cu_offset;
	dwarf_type_die_offset;
	dwarf_type_name_offsets;
	dwarf_typename;
	dwarf_types_dealloc;
	dwarf_undef_macro;
	dwarf_var_cu_offset;
	dwarf_var_die_offset;
	dwarf_var_name_offsets;
	dwarf_varname;
	dwarf_vars_dealloc;
	dwarf_vendor_ext;
	dwarf_weak_cu_offset;
	dwarf_weak_die_offset;
	dwarf_weak_name_offsets;
	dwarf_weakname;
	dwarf_weaks_dealloc;
	dwarf_whatattr;
	dwarf_whatform;
	dwarf_whatform_direct;
local:
	*;
};
